================= Input =================
An image:
![What a great icon](icon.svg 'A cool icon')

========= cmark-gfm-simple HTML =========
<p>An image:
<img src='icon.svg' alt='What a great icon' title='A cool icon' /></p>


============ cmark-gfm HTML =============
<p>An image:
<img src="icon.svg" alt="What a great icon" title="A cool icon" /></p>


======= cmark-gfm-simple Markdown =======
An image:
![What a great icon](icon.svg "A cool icon")


========== cmark-gfm Markdown ===========
An image:
![What a great icon](icon.svg "A cool icon")


========== cmark-gfm-simple AST =========
WithPos {getPosInfo = Just (PosInfo {startLine = 1, startColumn = 1, endLine = 2, endColumn = 44}), unPos = Nodes {unNodes = [WithPos {getPosInfo = Just (PosInfo {startLine = 1, startColumn = 1, endLine = 2, endColumn = 44}), unPos = NodeParagraph (Nodes {unNodes = [WithPos {getPosInfo = Just (PosInfo {startLine = 1, startColumn = 1, endLine = 1, endColumn = 9}), unPos = NodeText "An image:"},WithPos {getPosInfo = Nothing, unPos = NodeSoftBreak},WithPos {getPosInfo = Just (PosInfo {startLine = 2, startColumn = 1, endLine = 2, endColumn = 44}), unPos = NodeImage "icon.svg" "A cool icon" "What a great icon"}]})}]}}

============= cmark-gfm AST =============
Node (Just (PosInfo {startLine = 1, startColumn = 1, endLine = 2, endColumn = 44})) DOCUMENT [Node (Just (PosInfo {startLine = 1, startColumn = 1, endLine = 2, endColumn = 44})) PARAGRAPH [Node (Just (PosInfo {startLine = 1, startColumn = 1, endLine = 1, endColumn = 9})) (TEXT "An image:") [],Node Nothing SOFTBREAK [],Node (Just (PosInfo {startLine = 2, startColumn = 1, endLine = 2, endColumn = 44})) (IMAGE "icon.svg" "A cool icon") [Node (Just (PosInfo {startLine = 2, startColumn = 3, endLine = 2, endColumn = 19})) (TEXT "What a great icon") []]]]
